// Jest Snapshot v1, https://goo.gl/fbAQLP

exports[`Footer component matches snapshot 1`] = `
<DocumentFragment>
  <footer
    class="sc-blHHSb dhcDNg"
  >
    <img
      alt="VR Benefícios Logo"
      class="sc-gtLWhw ahtgq"
      src="test-file-stub"
    />
    <p
      class="sc-egkSDF TpFTI"
    >
      © 2024 VR Benefícios - Todos os direitos reservados
    </p>
  </footer>
</DocumentFragment>
`;
